// Jest Snapshot v1, https://goo.gl/fbAQLP

exports[`DrawerButton component renders correctly 1`] = `
<View
  accessible={true}
  focusable={true}
  onClick={[Function]}
  onResponderGrant={[Function]}
  onResponderMove={[Function]}
  onResponderRelease={[Function]}
  onResponderTerminate={[Function]}
  onResponderTerminationRequest={[Function]}
  onStartShouldSetResponder={[Function]}
  style={
    Object {
      "opacity": 1,
    }
  }
>
  <Text
    style={
      Object {
        "color": "white",
        "fontFamily": "Avenir-Book",
        "fontSize": 20,
        "marginVertical": 10,
      }
    }
  >
    hi
  </Text>
</View>
`;
