// Jest Snapshot v1, https://goo.gl/fbAQLP

exports[`FullButton component renders correctly 1`] = `
<View
  accessible={true}
  focusable={true}
  onClick={[Function]}
  onResponderGrant={[Function]}
  onResponderMove={[Function]}
  onResponderRelease={[Function]}
  onResponderTerminate={[Function]}
  onResponderTerminationRequest={[Function]}
  onStartShouldSetResponder={[Function]}
  style={
    Object {
      "backgroundColor": "rgba(164, 0, 48, 0.5)",
      "borderBottomColor": "#fb5f26",
      "borderBottomWidth": 1,
      "borderTopColor": "#e73536",
      "borderTopWidth": 1,
      "marginVertical": 5,
      "opacity": 1,
    }
  }
>
  <Text
    style={
      Object {
        "color": "white",
        "fontFamily": "Avenir-Black",
        "fontSize": 14,
        "margin": 18,
        "textAlign": "center",
      }
    }
  >
    HI
  </Text>
</View>
`;
